2026-09-24 16:35:54,110 - INFO - [0] Starting Preprocessing
2026-09-24 16:36:39,041 - INFO - [1] Completed Importing the data and creating AnnData object
2026-09-24 16:36:39,041 - INFO - -----Data Summary-----
2026-09-24 16:36:39,041 - INFO - Shape of the original dataset: (81683, 36601)
2026-09-24 16:36:39,041 - INFO - Number of variables (genes): 36601
2026-09-24 16:36:39,042 - INFO - Number of observations (barcodes): 81683
2026-09-24 16:36:39,042 - INFO - Type of adata.X: <class 'scipy.sparse._csc.csc_matrix'>
2026-09-24 16:36:39,042 - INFO - Shape of adata.X: (81683, 36601)
2026-09-24 16:36:39,042 - INFO - Dtype of adata.X: float32
2026-09-24 16:36:39,042 - INFO - Type of features: <class 'pandas.core.frame.DataFrame'>
2026-09-24 16:36:39,042 - INFO - Shape of features: (36601, 1)
2026-09-24 16:36:39,042 - INFO - Type of barcodes: <class 'pandas.core.frame.DataFrame'>
2026-09-24 16:36:39,042 - INFO - Shape of barcodes: (81683, 1)
2026-09-24 16:36:39,182 - INFO - [2] Completed Assigning Cell and Gene Names
2026-09-24 16:36:39,182 - INFO - obs_names name: barcode
2026-09-24 16:36:39,182 - INFO - var_names name: gene_symbol
2026-09-24 16:36:39,182 - INFO - First barcodes: ['AAACCCAAGACGGTTG-L2', 'AAACCCAAGTCACTAC-L2', 'AAACCCAGTATTGAGA-L2', 'AAACCCATCAGCTAGT-L2', 'AAACCCATCTACCAGA-L2']
2026-09-24 16:36:39,182 - INFO - First genes: ['MIR1302-2HG', 'FAM138A', 'OR4F5', 'AL627309.1', 'AL627309.3']
2026-09-24 16:36:39,182 - INFO - obs columns: ['sample', 'patient', 'region']
2026-09-24 16:36:39,182 - INFO - var columns: []
2026-09-24 16:36:39,184 - INFO - Patient Counts:
patient
7    25732
3    23001
2    18543
6    14407
Name: count, dtype: int64
2026-09-24 16:36:39,186 - INFO - Region Counts:
region
T    45663
L    36020
Name: count, dtype: int64
2026-09-24 16:36:39,187 - INFO - AnnData Object:
AnnData object with n_obs × n_vars = 81683 × 36601
    obs: 'sample', 'patient', 'region'
    layers: None (.X)
2026-09-24 16:36:44,426 - INFO - [3] Completed Quality Control Metrics Computation
2026-09-24 16:36:45,916 - INFO - QC metrics:
AnnData object with n_obs × n_vars = 81683 × 36601
    obs: 'sample', 'patient', 'region', 'n_genes_by_counts', 'log1p_n_genes_by_counts', 'total_counts', 'log1p_total_counts', 'pct_counts_in_top_20_genes', 'total_counts_mt', 'log1p_total_counts_mt', 'pct_counts_mt', 'total_counts_ribo', 'log1p_total_counts_ribo', 'pct_counts_ribo', 'total_counts_hb', 'log1p_total_counts_hb', 'pct_counts_hb'
    var: 'mt', 'ribo', 'hb', 'n_cells_by_counts', 'mean_counts', 'log1p_mean_counts', 'pct_dropout_by_counts', 'total_counts', 'log1p_total_counts'
    layers: None (.X)
2026-09-24 16:36:45,954 - INFO - Overall QC Statistics
        total_counts  n_genes_by_counts  pct_counts_mt  total_counts_ribo
count   81683.000000       81683.000000   81683.000000       81683.000000
mean     4115.219727        1288.778914      15.178395         779.636475
std      6422.138672        1095.151201      16.671612        1623.733887
min       254.000000          45.000000       0.000000           5.000000
1%        445.000000         121.000000       0.985091          19.000000
50%      2359.000000        1004.000000       9.424650         307.000000
99%     32243.760000        5827.540000      89.095668        6512.720000
max    188343.000000       10970.000000      97.783630       88033.000000
2026-09-24 16:36:45,973 - INFO - Tumor QC Statistics
        total_counts  n_genes_by_counts  pct_counts_mt  total_counts_ribo
count   45663.000000       45663.000000   45663.000000       45663.000000
mean     4440.307129        1388.290607      14.849045         778.104309
std      7435.358887        1198.363300      15.468418        1936.499634
min       384.000000          72.000000       0.000000           8.000000
1%        446.620000         240.000000       0.938632          24.000000
50%      2255.000000        1018.000000       9.664948         282.000000
99%     36311.800000        6146.760000      79.168901        7658.560000
max    188343.000000       10970.000000      96.821068       88033.000000
2026-09-24 16:36:45,989 - INFO - Lymph QC Statistics
       total_counts  n_genes_by_counts  pct_counts_mt  total_counts_ribo
count  36020.000000       36020.000000   36020.000000       36020.000000
mean    3703.101807        1162.626707      15.595919         781.578796
std     4810.650879         933.181652      18.073952        1106.790405
min      254.000000          45.000000       0.000000           5.000000
1%       442.000000          93.000000       1.113373          15.000000
50%     2495.000000         984.000000       9.156833         370.000000
99%    26502.530000        5303.050000      92.123563        5001.240000
max    90603.000000        8645.000000      97.783630       26211.000000
2026-09-24 16:36:51,262 - INFO - Using categorical units to plot a list of strings that are all parsable as floats or dates. If these strings should be plotted as numbers, cast to the appropriate data type before plotting.
2026-09-24 16:36:51,296 - INFO - Using categorical units to plot a list of strings that are all parsable as floats or dates. If these strings should be plotted as numbers, cast to the appropriate data type before plotting.
2026-09-24 16:36:51,305 - INFO - Using categorical units to plot a list of strings that are all parsable as floats or dates. If these strings should be plotted as numbers, cast to the appropriate data type before plotting.
2026-09-24 16:36:51,448 - INFO - Using categorical units to plot a list of strings that are all parsable as floats or dates. If these strings should be plotted as numbers, cast to the appropriate data type before plotting.
2026-09-24 16:36:51,486 - INFO - Using categorical units to plot a list of strings that are all parsable as floats or dates. If these strings should be plotted as numbers, cast to the appropriate data type before plotting.
2026-09-24 16:36:51,495 - INFO - Using categorical units to plot a list of strings that are all parsable as floats or dates. If these strings should be plotted as numbers, cast to the appropriate data type before plotting.
2026-09-24 16:36:51,642 - INFO - Using categorical units to plot a list of strings that are all parsable as floats or dates. If these strings should be plotted as numbers, cast to the appropriate data type before plotting.
2026-09-24 16:36:51,681 - INFO - Using categorical units to plot a list of strings that are all parsable as floats or dates. If these strings should be plotted as numbers, cast to the appropriate data type before plotting.
2026-09-24 16:36:51,690 - INFO - Using categorical units to plot a list of strings that are all parsable as floats or dates. If these strings should be plotted as numbers, cast to the appropriate data type before plotting.
2026-09-24 16:36:52,140 - INFO - Using categorical units to plot a list of strings that are all parsable as floats or dates. If these strings should be plotted as numbers, cast to the appropriate data type before plotting.
2026-09-24 16:36:52,165 - INFO - Using categorical units to plot a list of strings that are all parsable as floats or dates. If these strings should be plotted as numbers, cast to the appropriate data type before plotting.
2026-09-24 16:36:52,172 - INFO - Using categorical units to plot a list of strings that are all parsable as floats or dates. If these strings should be plotted as numbers, cast to the appropriate data type before plotting.
2026-09-24 16:36:52,289 - INFO - Using categorical units to plot a list of strings that are all parsable as floats or dates. If these strings should be plotted as numbers, cast to the appropriate data type before plotting.
2026-09-24 16:36:52,317 - INFO - Using categorical units to plot a list of strings that are all parsable as floats or dates. If these strings should be plotted as numbers, cast to the appropriate data type before plotting.
2026-09-24 16:36:52,323 - INFO - Using categorical units to plot a list of strings that are all parsable as floats or dates. If these strings should be plotted as numbers, cast to the appropriate data type before plotting.
2026-09-24 16:36:52,448 - INFO - Using categorical units to plot a list of strings that are all parsable as floats or dates. If these strings should be plotted as numbers, cast to the appropriate data type before plotting.
2026-09-24 16:36:52,477 - INFO - Using categorical units to plot a list of strings that are all parsable as floats or dates. If these strings should be plotted as numbers, cast to the appropriate data type before plotting.
2026-09-24 16:36:52,484 - INFO - Using categorical units to plot a list of strings that are all parsable as floats or dates. If these strings should be plotted as numbers, cast to the appropriate data type before plotting.
2026-09-24 16:36:54,387 - INFO - [4] Completed Quality Control
2026-09-24 16:37:05,613 - INFO - [5] Completed Filtering Cells and Genes
2026-09-24 16:37:05,685 - INFO - Count Outliers: 227
2026-09-24 16:37:05,686 - INFO - Gene Outliers: 28
2026-09-24 16:37:05,686 - INFO - Top-20 Outliers: 3650
2026-09-24 16:37:05,686 - INFO - Mitochondrial Outliers: 11885
2026-09-24 16:37:05,686 - INFO - QC Outliers: 3877
2026-09-24 16:37:08,261 - INFO - Remaining Cells: 76154
2026-09-24 16:37:11,059 - INFO - [6] Completed Outlier Detection
2026-09-24 16:53:03,352 - INFO - Number of doublets detected: 7
2026-09-24 16:53:03,354 - INFO - [7] Completed Doublet Detection
2026-09-24 16:53:09,791 - INFO - [8] Completed Normalization and Log Transformation
2026-09-24 16:53:23,114 - INFO - Number of highly variable genes: 4000
2026-09-24 16:53:23,928 - INFO - [10] Completed Feature Selection
2026-09-24 16:53:30,395 - INFO - [11A] Completed PCA
2026-09-24 16:54:40,077 - INFO - [11B] Completed UMAP
2026-09-24 17:03:32,507 - INFO - [11C] Completed TSNE
2026-09-24 17:03:43,379 - INFO - [11D] Completed Diffusion Map
2026-09-24 17:03:43,379 - INFO - [11] Compelted Dimensionality Reduction
2026-09-24 17:03:54,462 - INFO - Cluster Counts:
leiden
10    6034
4     6001
5     5797
14    5773
11    5448
3     4991
9     4916
2     4757
12    4496
0     4107
16    4050
19    3899
17    3875
20    2222
6     2031
1     1526
8     1294
18    1040
22     880
25     760
23     719
15     587
13     563
24     198
21     179
7       11
Name: count, dtype: int64
2026-09-24 17:03:54,469 - INFO - [12] Compelted Clustering
2026-09-24 17:04:12,314 - INFO - [13] Completed Re-Assess Quality Control 
2026-09-24 17:04:22,646 - INFO - Cell Annotation
                         0    1    2    3    4    5    6    7    8    9   10   11   12   13   14   15   16   17   18   19   20   21   22   23   24   25
Stem                   0.0  0.0  0.0  0.0  0.0  0.0  0.0  0.0  0.0  0.0  0.0  0.0  0.0  0.0  0.0  0.0  0.0  0.0  0.0  0.0  0.0  0.0  0.0  0.0  0.0  0.0
Enterocyte (Proximal)  0.0  0.0  0.0  0.0  0.0  0.0  0.0  0.0  0.0  0.0  0.0  0.0  0.0  0.0  0.0  0.0  0.0  0.0  0.0  0.0  0.0  0.0  0.0  0.0  0.0  0.0
Enterocyte (Distal)    0.0  0.0  0.0  0.0  0.0  0.0  0.0  0.0  0.0  0.0  0.0  0.0  0.0  0.0  0.0  0.0  0.0  0.0  0.0  0.0  0.0  0.0  0.0  0.0  0.0  0.0
Goblet                 0.0  0.0  0.0  0.0  0.0  0.0  0.0  0.0  0.0  0.0  0.0  0.0  0.0  0.0  0.0  0.0  0.0  0.0  0.0  0.0  0.0  0.0  0.0  0.0  0.0  0.0
Paneth                 0.0  0.0  0.0  0.0  0.0  0.0  0.0  0.0  0.0  0.0  0.0  0.0  0.0  0.0  0.0  0.0  0.0  0.0  0.0  0.0  0.0  0.0  0.0  0.0  0.0  0.0
Enteroendocrine        0.0  0.0  0.0  0.0  0.0  0.0  0.0  0.0  0.0  0.0  0.0  0.0  0.0  0.0  0.0  0.0  0.0  0.0  0.0  0.0  0.0  0.0  0.0  0.0  0.0  0.0
Tuft                   0.0  0.0  0.0  0.0  0.0  0.0  0.0  0.0  0.0  0.0  0.0  0.0  0.0  0.0  0.0  0.0  0.0  0.0  0.0  0.0  0.0  0.0  0.0  0.0  0.0  0.0
