2026-10-04 21:38:52,962 - INFO - ----------- Starting clustering ------------
2026-10-04 21:38:52,963 - INFO - [1] Loading adata object
2026-10-04 21:39:00,609 - INFO - AnnData object:
AnnData object with n_obs × n_vars = 71436 × 27792
    obs: 'sample', 'patient', 'region', 'age', 'sex', 'tumor_size', 'lymph_nodes', 'cancer_type', 'grade', 'ER', 'PR', 'HER2', 'Ki67', 'stage', 'treatment', 'tumor_volume', 'n_genes_by_counts', 'log1p_n_genes_by_counts', 'total_counts', 'log1p_total_counts', 'pct_counts_in_top_20_genes', 'total_counts_mt', 'log1p_total_counts_mt', 'pct_counts_mt', 'total_counts_ribo', 'log1p_total_counts_ribo', 'pct_counts_ribo', 'total_counts_hb', 'log1p_total_counts_hb', 'pct_counts_hb', 'n_genes', 'doublet_score', 'predicted_doublet', 'size_factors'
    var: 'mt', 'ribo', 'hb', 'n_cells_by_counts', 'mean_counts', 'log1p_mean_counts', 'pct_dropout_by_counts', 'total_counts', 'log1p_total_counts', 'n_cells'
    uns: 'log1p', 'patient_colors', 'pca', 'region_colors', 'sample_colors', 'scrublet'
    obsm: 'X_pca'
    varm: 'PCs'
    layers: 'counts', None (.X)
2026-10-04 21:39:00,609 - INFO - Initial dimensions: 71436 cells x 27792 genes
2026-10-04 21:39:00,609 - INFO - [2] Starting clustering
2026-10-05 08:54:00,452 - INFO - Leiden clustering completed: 30 clusters
2026-10-05 08:54:00,453 - INFO - Cluster counts:
leiden
0     3329
1     3314
2     5644
3     1529
4     4838
5     3717
6     2995
7     2999
8      632
9     2282
10    3913
11    3109
12    1984
13    2474
14    2894
15    2107
16    1542
17    3922
18     434
19     776
20    3055
21    1897
22    2237
23    3569
24     964
25    1818
26     589
27     913
28    1118
29     842
2026-10-05 08:54:54,766 - INFO - [3] Re-assessing QC
2026-10-05 08:55:01,326 - INFO - [4] Marker gene and cluster annotation
2026-10-05 08:58:48,789 - INFO - Marker gene ranking completed for 30 clusters
2026-10-05 08:58:51,776 - INFO - Cell annotation scores:
                         0    1    2    3    4    5    6    7    8    9   10   11   12   13   14   15   16   17   18   19   20   21   22   23   24   25   26   27   28   29
Stem                   0.0  0.0  0.0  0.0  0.0  0.0  0.0  0.0  0.0  0.0  0.0  0.0  0.0  0.0  0.0  0.0  0.0  0.0  0.0  0.0  0.0  0.0  0.0  0.0  0.0  0.0  0.0  0.0  0.0  0.0
Enterocyte (Proximal)  0.0  0.0  0.0  0.0  0.0  0.0  0.0  0.0  0.0  0.0  0.0  0.0  0.0  0.0  0.0  0.0  0.0  0.0  0.0  0.0  0.0  0.0  0.0  0.0  0.0  0.0  0.0  0.0  0.0  0.0
Enterocyte (Distal)    0.0  0.0  0.0  0.0  0.0  0.0  0.0  0.0  0.0  0.0  0.0  0.0  0.0  0.0  0.0  0.0  0.0  0.0  0.0  0.0  0.0  0.0  0.0  0.0  0.0  0.0  0.0  0.0  0.0  0.0
Goblet                 0.0  0.0  0.0  0.0  0.0  0.0  0.0  0.0  0.0  0.0  0.0  0.0  0.0  0.0  0.0  0.0  0.0  0.0  0.0  0.0  0.0  0.0  0.0  0.0  0.0  0.0  0.0  0.0  0.0  0.0
Paneth                 0.0  0.0  0.0  0.0  0.0  0.0  0.0  0.0  0.0  0.0  0.0  0.0  0.0  0.0  0.0  0.0  0.0  0.0  0.0  0.0  0.0  0.0  0.0  0.0  0.0  0.0  0.0  0.0  0.0  0.0
Enteroendocrine        0.0  0.0  0.0  0.0  0.0  0.0  0.0  0.0  0.0  0.0  0.0  0.0  0.0  0.0  0.0  0.0  0.0  0.0  0.0  0.0  0.0  0.0  0.0  0.0  0.0  0.0  0.0  0.0  0.0  0.0
Tuft                   0.0  0.0  0.0  0.0  0.0  0.0  0.0  0.0  0.0  0.0  0.0  0.0  0.0  0.0  0.0  0.0  0.0  0.0  0.0  0.0  0.0  0.0  0.0  0.0  0.0  0.0  0.0  0.0  0.0  0.0
2026-10-05 08:58:51,808 - INFO - Normalized cell annotation scores:
                         0    1    2    3    4    5    6    7    8    9   10   11   12   13   14   15   16   17   18   19   20   21   22   23   24   25   26   27   28   29
Stem                   0.0  0.0  0.0  0.0  0.0  0.0  0.0  0.0  0.0  0.0  0.0  0.0  0.0  0.0  0.0  0.0  0.0  0.0  0.0  0.0  0.0  0.0  0.0  0.0  0.0  0.0  0.0  0.0  0.0  0.0
Enterocyte (Proximal)  0.0  0.0  0.0  0.0  0.0  0.0  0.0  0.0  0.0  0.0  0.0  0.0  0.0  0.0  0.0  0.0  0.0  0.0  0.0  0.0  0.0  0.0  0.0  0.0  0.0  0.0  0.0  0.0  0.0  0.0
Enterocyte (Distal)    0.0  0.0  0.0  0.0  0.0  0.0  0.0  0.0  0.0  0.0  0.0  0.0  0.0  0.0  0.0  0.0  0.0  0.0  0.0  0.0  0.0  0.0  0.0  0.0  0.0  0.0  0.0  0.0  0.0  0.0
Goblet                 0.0  0.0  0.0  0.0  0.0  0.0  0.0  0.0  0.0  0.0  0.0  0.0  0.0  0.0  0.0  0.0  0.0  0.0  0.0  0.0  0.0  0.0  0.0  0.0  0.0  0.0  0.0  0.0  0.0  0.0
Paneth                 0.0  0.0  0.0  0.0  0.0  0.0  0.0  0.0  0.0  0.0  0.0  0.0  0.0  0.0  0.0  0.0  0.0  0.0  0.0  0.0  0.0  0.0  0.0  0.0  0.0  0.0  0.0  0.0  0.0  0.0
Enteroendocrine        0.0  0.0  0.0  0.0  0.0  0.0  0.0  0.0  0.0  0.0  0.0  0.0  0.0  0.0  0.0  0.0  0.0  0.0  0.0  0.0  0.0  0.0  0.0  0.0  0.0  0.0  0.0  0.0  0.0  0.0
Tuft                   0.0  0.0  0.0  0.0  0.0  0.0  0.0  0.0  0.0  0.0  0.0  0.0  0.0  0.0  0.0  0.0  0.0  0.0  0.0  0.0  0.0  0.0  0.0  0.0  0.0  0.0  0.0  0.0  0.0  0.0
2026-10-05 08:58:53,322 - INFO - [5] Saving adata object as .h5 file
2026-10-05 08:59:58,309 - INFO - ------------ Completed Clustering ------------
