2026-10-04 11:37:10,418 - INFO - [0] Starting preprocessing
2026-10-04 11:37:10,418 - INFO - [1] Loading adata object
2026-10-04 11:37:17,497 - INFO - AnnData object:
AnnData object with n_obs × n_vars = 81683 × 36601
    obs: 'sample', 'patient', 'region', 'age', 'sex', 'tumor_size', 'lymph_nodes', 'cancer_type', 'grade', 'ER', 'PR', 'HER2', 'Ki67', 'stage', 'treatment', 'tumor_volume', 'n_genes_by_counts', 'log1p_n_genes_by_counts', 'total_counts', 'log1p_total_counts', 'pct_counts_in_top_20_genes', 'total_counts_mt', 'log1p_total_counts_mt', 'pct_counts_mt', 'total_counts_ribo', 'log1p_total_counts_ribo', 'pct_counts_ribo', 'total_counts_hb', 'log1p_total_counts_hb', 'pct_counts_hb'
    var: 'mt', 'ribo', 'hb', 'n_cells_by_counts', 'mean_counts', 'log1p_mean_counts', 'pct_dropout_by_counts', 'total_counts', 'log1p_total_counts'
    uns: 'patient_colors', 'region_colors', 'sample_colors'
    layers: None (.X)
2026-10-04 11:37:17,508 - INFO - Initial dimensions: 81683 cells x 36601 genes
2026-10-04 11:37:17,508 - INFO - [2] Filtering Cells and Genes
2026-10-04 11:37:27,584 - INFO - Genes: 36601 --> 27792 (removed: 8809, 24.068%)
2026-10-04 11:37:36,479 - INFO - Cells: 81683 --> 78153 (removed: 3530, 4.322%)
2026-10-04 11:37:36,479 - INFO - [3] Filtering cells with mitochondrial percentage
2026-10-04 11:37:38,479 - INFO - Cells after mitochondrial filtering: 78153 --> 71442 (removed: 6711, 8.587%)
2026-10-04 11:37:38,479 - INFO - [4] Doublet detection
2026-10-04 11:45:37,475 - INFO - Scrublet score distribution:
count    71442.000000
mean         0.059901
std          0.048246
min          0.002020
50%          0.048301
90%          0.109135
95%          0.143535
99%          0.264516
99.9%        0.415385
max          0.634615
2026-10-04 11:45:38,607 - INFO - Predicted doublets: 6 / 71442 (0.008%)
2026-10-04 11:45:38,620 - INFO - Doublet summary by sample:
        n_doublets  n_cells  doublet_pct
sample                                  
P2_L             0     7901     0.000000
P2_T             2     7892     0.025342
P3_L             0     8309     0.000000
P3_T             0    11550     0.000000
P6_L             3     3985     0.075282
P6_T             0     7150     0.000000
P7_L             1    11114     0.008998
P7_T             0    13541     0.000000
2026-10-04 11:45:41,747 - INFO - Cells after doublet filtering: 71442 --> 71436 (removed: 6, 0.008%)
2026-10-04 11:45:41,748 - INFO - [5] Normalization and log transformation
2026-10-04 11:45:45,547 - INFO - [6] PCA for random sampling
2026-10-04 11:46:19,889 - INFO - [5] Random sampling
2026-10-04 11:46:19,891 - INFO - Selecting 2,787 barcodes per sample
2026-10-04 11:48:43,035 - INFO - Check balanced data
sample
P2_L    2787
P2_T    2787
P3_L    2787
P3_T    2787
P6_L    2787
P6_T    2787
P7_L    2787
P7_T    2787
2026-10-04 11:48:43,040 - INFO - [6] Highly variable genes
2026-10-04 11:48:52,021 - INFO - Using 4000 highly variable genes
2026-10-04 11:48:54,135 - INFO - [7] Scaling
2026-10-04 11:48:58,119 - INFO - [8] PCA
2026-10-04 11:49:14,265 - INFO - [9] Batch correction
2026-10-04 11:49:43,037 - INFO - [11A] Completed PCA
2026-10-04 11:50:26,357 - INFO - [11B] Completed UMAP
2026-10-04 11:51:49,606 - INFO - [11C] Completed TSNE
2026-10-04 11:51:54,358 - INFO - [11D] Completed Diffusion Map
2026-10-04 12:06:54,387 - INFO - [11E] Completed Graph
2026-10-04 12:06:54,387 - INFO - [11] Compelted Dimensionality Reduction
